docker-compose : time="2026-0
3-25T09:21:01+03:00" 
level=warning msg="C:\\Users\
\HP\\Desktop\\WHATSAPP\\docke
r-compose.yml: the attribute 
`version` is obsolete, it 
will be ignored, please 
remove it to avoid potential 
confusion"
At line:1 char:1
+ docker-compose build 
backend > build_output.txt 
2>&1
+ ~~~~~~~~~~~~~~~~~~~~~~~~~~~
~~~~~~~~~~~~~~~~~~~~~~~~~
    + CategoryInfo           
   : NotSpecified: (time="2  
  026-03-2...tial confusio   
 n":String) [], RemoteExc    
eption
    + FullyQualifiedErrorId  
   : NativeCommandError
 
 Image whatsapp-backend 
Building 
#1 [internal] load local bake definitions
#1 reading from stdin 541B done
#1 DONE 0.0s

#2 [internal] load build definition from Dockerfile
#2 transferring dockerfile: 545B done
#2 DONE 0.0s

#3 [internal] load metadata for docker.io/library/python:3.11-slim
#3 DONE 16.4s

#4 [internal] load .dockerignore
#4 transferring context: 144B done
#4 DONE 0.0s

#5 [1/7] FROM docker.io/library/python:3.11-slim@sha256:9358444059ed78e2975ada2c189f1c1a3144a5dab6f35bff8c981afb38946634
#5 resolve docker.io/library/python:3.11-slim@sha256:9358444059ed78e2975ada2c189f1c1a3144a5dab6f35bff8c981afb38946634 0.0s done
#5 DONE 0.0s

#6 [internal] load build context
#6 transferring context: 4.75kB 0.0s done
#6 DONE 0.0s

#7 [2/7] WORKDIR /app
#7 CACHED

#8 [3/7] COPY requirements.txt .
#8 CACHED

#9 [4/7] RUN pip install --no-cache-dir -r requirements.txt
#9 2.718 Collecting fastapi>=0.115.0 (from -r requirements.txt (line 1))
#9 2.980   Downloading fastapi-0.135.2-py3-none-any.whl.metadata (28 kB)
#9 3.122 Collecting uvicorn>=0.32.1 (from uvicorn[standard]>=0.32.1->-r requirements.txt (line 2))
#9 3.215   Downloading uvicorn-0.42.0-py3-none-any.whl.metadata (6.7 kB)
#9 4.022 Collecting sqlalchemy>=2.0.38 (from sqlalchemy[asyncio]>=2.0.38->-r requirements.txt (line 3))
#9 4.103   Downloading sqlalchemy-2.0.48-cp311-cp311-manylinux2014_x86_64.manylinux_2_17_x86_64.manylinux_2_28_x86_64.whl.metadata (9.5 kB)
#9 4.241 Collecting alembic>=1.15.1 (from -r requirements.txt (line 4))
#9 4.313   Downloading alembic-1.18.4-py3-none-any.whl.metadata (7.2 kB)
#9 4.427 Collecting python-jose>=3.3.0 (from python-jose[cryptography]>=3.3.0->-r requirements.txt (line 5))
#9 4.507   Downloading python_jose-3.5.0-py2.py3-none-any.whl.metadata (5.5 kB)
#9 4.596 Collecting passlib==1.7.4 (from passlib[bcrypt]==1.7.4->-r requirements.txt (line 6))
#9 4.682   Downloading passlib-1.7.4-py2.py3-none-any.whl.metadata (1.7 kB)
#9 4.830 ERROR: Ignored the following yanked versions: 4.1.0
#9 4.830 ERROR: Could not find a version that satisfies the requirement bcrypt==3.2.3 (from versions: 1.0.0, 1.0.1, 1.0.2, 1.1.0, 1.1.1, 2.0.0, 3.0.0, 3.1.0, 3.1.1, 3.1.2, 3.1.3, 3.1.4, 3.1.5, 3.1.6, 3.1.7, 3.2.0, 3.2.1, 3.2.2, 4.0.0, 4.0.1, 4.1.1, 4.1.2, 4.1.3, 4.2.0, 4.2.1, 4.3.0, 5.0.0)
#9 4.830 ERROR: No matching distribution found for bcrypt==3.2.3
#9 5.141 
#9 5.141 [notice] A new release of pip is available: 24.0 -> 26.0.1
#9 5.141 [notice] To update, run: pip install --upgrade pip
#9 ERROR: process "/bin/sh -c pip install --no-cache-dir -r requirements.txt" did not complete successfully: exit code: 1
------
 > [4/7] RUN pip install --no-cache-dir -r requirements.txt:
4.427 Collecting python-jose>=3.3.0 (from python-jose[cryptography]>=3.3.0->-r requirements.txt (line 5))
4.507   Downloading python_jose-3.5.0-py2.py3-none-any.whl.metadata (5.5 kB)
4.596 Collecting passlib==1.7.4 (from passlib[bcrypt]==1.7.4->-r requirements.txt (line 6))
4.682   Downloading passlib-1.7.4-py2.py3-none-any.whl.metadata (1.7 kB)
4.830 ERROR: Ignored the following yanked versions: 4.1.0
4.830 ERROR: Could not find a version that satisfies the requirement bcrypt==3.2.3 (from versions: 1.0.0, 1.0.1, 1.0.2, 1.1.0, 1.1.1, 2.0.0, 3.0.0, 3.1.0, 3.1.1, 3.1.2, 3.1.3, 3.1.4, 3.1.5, 3.1.6, 3.1.7, 3.2.0, 3.2.1, 3.2.2, 4.0.0, 4.0.1, 4.1.1, 4.1.2, 4.1.3, 4.2.0, 4.2.1, 4.3.0, 5.0.0)
4.830 ERROR: No matching distribution found for bcrypt==3.2.3
5.141 
5.141 [notice] A new release of pip is available: 24.0 -> 26.0.1
5.141 [notice] To update, run: pip install --upgrade pip
------
Dockerfile:8

--------------------

   6 |     # Install 
dependencies first (layer 
cache)

   7 |     COPY 
requirements.txt .

   8 | >>> RUN pip install 
--no-cache-dir -r 
requirements.txt

   9 |     

  10 |     # Copy 
application code

--------------------

failed to solve: process 
"/bin/sh -c pip install 
--no-cache-dir -r 
requirements.txt" did not 
complete successfully: exit 
code: 1



View build details: docker-de
sktop://dashboard/build/defau
lt/default/uviytfvvbgda3u3q4y
2eoxjse

