============================= test session starts =============================
platform win32 -- Python 3.13.12, pytest-9.0.2, pluggy-1.6.0 -- C:\Users\HP\Desktop\WHATSAPP\backend\venv\Scripts\python.exe
cachedir: .pytest_cache
rootdir: C:\Users\HP\Desktop\WHATSAPP\backend
configfile: pytest.ini
plugins: anyio-4.12.1, asyncio-1.3.0
asyncio: mode=Mode.AUTO, debug=False, asyncio_default_fixture_loop_scope=None, asyncio_default_test_loop_scope=function
collecting ... collected 41 items

tests/test_admin.py::TestSettings::test_get_settings PASSED              [  2%]
tests/test_admin.py::TestSettings::test_update_settings PASSED           [  4%]
tests/test_admin.py::TestSettings::test_settings_denied_for_regular_agent PASSED [  7%]
tests/test_admin.py::TestCannedResponses::test_list_canned PASSED        [  9%]
tests/test_admin.py::TestCannedResponses::test_create_canned PASSED      [ 12%]
tests/test_admin.py::TestCannedResponses::test_delete_canned PASSED      [ 14%]
tests/test_admin.py::TestStats::test_get_stats PASSED                    [ 17%]
tests/test_admin.py::TestStats::test_stats_denied_for_regular_agent PASSED [ 19%]
tests/test_agents.py::TestListAgents::test_list_agents PASSED            [ 21%]
tests/test_agents.py::TestListAgents::test_list_agents_unauthenticated PASSED [ 24%]
tests/test_agents.py::TestCreateAgent::test_create_agent_as_admin PASSED [ 26%]
tests/test_agents.py::TestCreateAgent::test_create_agent_as_regular_agent PASSED [ 29%]
tests/test_agents.py::TestUpdateAgent::test_update_own_status PASSED     [ 31%]
tests/test_agents.py::TestDeleteAgent::test_delete_as_admin PASSED       [ 34%]
tests/test_agents.py::TestDeleteAgent::test_delete_as_regular_agent PASSED [ 36%]
tests/test_auth.py::TestLogin::test_login_success PASSED                 [ 39%]
tests/test_auth.py::TestLogin::test_login_wrong_password PASSED          [ 41%]
tests/test_auth.py::TestLogin::test_login_nonexistent_email PASSED       [ 43%]
tests/test_auth.py::TestMe::test_me_authenticated PASSED                 [ 46%]
tests/test_auth.py::TestMe::test_me_unauthenticated PASSED               [ 48%]
tests/test_auth.py::TestLogout::test_logout PASSED                       [ 51%]
tests/test_auth.py::TestWSTicket::test_ws_ticket PASSED                  [ 53%]
tests/test_auth.py::TestWSTicket::test_ws_ticket_unauthenticated PASSED  [ 56%]
tests/test_conversations.py::TestListConversations::test_list_all PASSED [ 58%]
tests/test_conversations.py::TestListConversations::test_list_filter_status PASSED [ 60%]
tests/test_conversations.py::TestGetConversation::test_get_with_messages PASSED [ 63%]
tests/test_conversations.py::TestGetConversation::test_get_nonexistent PASSED [ 65%]
tests/test_conversations.py::TestSendMessage::test_send_message PASSED   [ 68%]
tests/test_conversations.py::TestSendMessage::test_send_empty_message PASSED [ 70%]
tests/test_conversations.py::TestConversationActions::test_accept PASSED [ 73%]
tests/test_conversations.py::TestConversationActions::test_resolve PASSED [ 75%]
tests/test_conversations.py::TestConversationActions::test_reopen PASSED [ 78%]
tests/test_tenant.py::TestTenantIsolation::test_conversations_isolated PASSED [ 80%]
tests/test_tenant.py::TestTenantIsolation::test_agents_isolated PASSED   [ 82%]
tests/test_tenant.py::TestSuperadminEndpoints::test_list_tenants_as_superadmin PASSED [ 85%]
tests/test_tenant.py::TestSuperadminEndpoints::test_list_tenants_as_admin PASSED [ 87%]
tests/test_tenant.py::TestSuperadminEndpoints::test_create_tenant PASSED [ 90%]
tests/test_webhook.py::TestWebhookVerification::test_webhook_verify_success PASSED [ 92%]
tests/test_webhook.py::TestWebhookVerification::test_webhook_verify_wrong_token PASSED [ 95%]
tests/test_webhook.py::TestWebhookPost::test_webhook_post_empty_body PASSED [ 97%]
tests/test_webhook.py::TestHealthCheck::test_health PASSED               [100%]

============================== warnings summary ===============================
tests/test_admin.py: 9 warnings
tests/test_agents.py: 6 warnings
tests/test_auth.py: 3 warnings
tests/test_conversations.py: 9 warnings
tests/test_tenant.py: 6 warnings
  C:\Users\HP\Desktop\WHATSAPP\backend\venv\Lib\site-packages\jose\jwt.py:311: DeprecationWarning: datetime.datetime.utcnow() is deprecated and scheduled for removal in a future version. Use timezone-aware objects to represent datetimes in UTC: datetime.datetime.now(datetime.UTC).
    now = timegm(datetime.utcnow().utctimetuple())

-- Docs: https://docs.pytest.org/en/stable/how-to/capture-warnings.html
====================== 41 passed, 33 warnings in 11.87s =======================
